\BOOKMARK [0][-]{section*.2}{\376\377\000H\000a\000l\000a\000m\000a\000n\000\040\000J\000u\000d\000u\000l}{}% 1
\BOOKMARK [0][-]{section*.4}{\376\377\000L\000e\000m\000b\000a\000r\000\040\000P\000e\000r\000s\000e\000t\000u\000j\000u\000a\000n\000\040\000D\000o\000s\000e\000n\000\040\000K\000e\000r\000j\000a\000\040\000P\000r\000a\000k\000t\000i\000k}{}% 2
\BOOKMARK [0][-]{section*.5}{\376\377\000A\000b\000s\000t\000r\000a\000k}{}% 3
\BOOKMARK [0][-]{section*.6}{\376\377\000D\000a\000f\000t\000a\000r\000\040\000I\000s\000i}{}% 4
\BOOKMARK [0][-]{section*.7}{\376\377\000D\000a\000f\000t\000a\000r\000\040\000G\000a\000m\000b\000a\000r}{}% 5
\BOOKMARK [0][-]{section*.8}{\376\377\000D\000a\000f\000t\000a\000r\000\040\000T\000a\000b\000e\000l}{}% 6
\BOOKMARK [0][-]{section*.9}{\376\377\000D\000a\000f\000t\000a\000r\000\040\000L\000a\000m\000p\000i\000r\000a\000n}{}% 7
\BOOKMARK [0][-]{chapter.1}{\376\377\0001\000\040\000P\000E\000N\000D\000A\000H\000U\000L\000U\000A\000N}{}% 8
\BOOKMARK [1][-]{section.1.1}{\376\377\0001\000.\0001\000\040\000P\000r\000o\000s\000e\000s\000\040\000P\000e\000n\000c\000a\000r\000i\000a\000n\000\040\000K\000e\000r\000j\000a\000\040\000P\000r\000a\000k\000t\000i\000k}{chapter.1}% 9
\BOOKMARK [1][-]{section.1.2}{\376\377\0001\000.\0002\000\040\000T\000e\000m\000p\000a\000t\000\040\000K\000e\000r\000j\000a\000\040\000P\000r\000a\000k\000t\000i\000k}{chapter.1}% 10
\BOOKMARK [2][-]{subsection.1.2.1}{\376\377\0001\000.\0002\000.\0001\000\040\000P\000r\000o\000f\000i\000l\000\040\000T\000e\000m\000p\000a\000t\000\040\000K\000e\000r\000j\000a\000\040\000P\000r\000a\000k\000t\000i\000k}{section.1.2}% 11
\BOOKMARK [2][-]{subsection.1.2.2}{\376\377\0001\000.\0002\000.\0002\000\040\000P\000o\000s\000i\000s\000i\000\040\000P\000e\000n\000e\000m\000p\000a\000t\000a\000n\000\040\000P\000e\000l\000a\000k\000s\000a\000n\000a\000\040\000K\000e\000r\000j\000a\000\040\000P\000r\000a\000k\000t\000i\000k\000\040\000d\000a\000l\000a\000m\000\040\000S\000t\000r\000u\000k\000t\000u\000r\000\040\000O\000r\000g\000a\000n\000i\000s\000a\000s\000i}{section.1.2}% 12
\BOOKMARK [0][-]{chapter.2}{\376\377\0002\000\040\000I\000S\000I}{}% 13
\BOOKMARK [1][-]{section.2.1}{\376\377\0002\000.\0001\000\040\000L\000a\000t\000a\000r\000\040\000B\000e\000l\000a\000k\000a\000n\000g\000\040\000P\000e\000k\000e\000r\000j\000a\000a\000n}{chapter.2}% 14
\BOOKMARK [1][-]{section.2.2}{\376\377\0002\000.\0002\000\040\000D\000e\000s\000k\000r\000i\000p\000s\000i\000\040\000P\000e\000k\000e\000r\000j\000a\000a\000n}{chapter.2}% 15
\BOOKMARK [1][-]{section.2.3}{\376\377\0002\000.\0003\000\040\000T\000i\000n\000j\000a\000u\000a\000n\000\040\000P\000u\000s\000t\000a\000k\000a}{chapter.2}% 16
\BOOKMARK [2][-]{subsection.2.3.1}{\376\377\0002\000.\0003\000.\0001\000\040\000M\000o\000b\000i\000l\000e\000\040\000A\000p\000p\000l\000i\000c\000a\000t\000i\000o\000n\000\040\000D\000e\000v\000e\000l\000o\000p\000m\000e\000n\000t}{section.2.3}% 17
\BOOKMARK [2][-]{subsection.2.3.2}{\376\377\0002\000.\0003\000.\0002\000\040\000F\000l\000u\000t\000t\000e\000r}{section.2.3}% 18
\BOOKMARK [2][-]{subsection.2.3.3}{\376\377\0002\000.\0003\000.\0003\000\040\000F\000i\000g\000m\000a}{section.2.3}% 19
\BOOKMARK [2][-]{subsection.2.3.4}{\376\377\0002\000.\0003\000.\0004\000\040\000G\000i\000t}{section.2.3}% 20
\BOOKMARK [2][-]{subsection.2.3.5}{\376\377\0002\000.\0003\000.\0005\000\040\000P\000o\000s\000t\000m\000a\000n}{section.2.3}% 21
\BOOKMARK [2][-]{subsection.2.3.6}{\376\377\0002\000.\0003\000.\0006\000\040\000A\000n\000d\000r\000o\000i\000d\000\040\000S\000t\000u\000d\000i\000o}{section.2.3}% 22
\BOOKMARK [1][-]{section.2.4}{\376\377\0002\000.\0004\000\040\000M\000e\000t\000o\000d\000o\000l\000o\000g\000i}{chapter.2}% 23
\BOOKMARK [1][-]{section.2.5}{\376\377\0002\000.\0005\000\040\000T\000e\000k\000n\000o\000l\000o\000g\000i}{chapter.2}% 24
\BOOKMARK [1][-]{section.2.6}{\376\377\0002\000.\0006\000\040\000H\000a\000s\000i\000l\000\040\000P\000e\000k\000e\000r\000j\000a\000a\000n}{chapter.2}% 25
\BOOKMARK [1][-]{section.2.7}{\376\377\0002\000.\0007\000\040\000A\000s\000p\000e\000k\000\040\000N\000o\000n\000\040\000T\000e\000k\000n\000i\000s}{chapter.2}% 26
\BOOKMARK [1][-]{section.2.8}{\376\377\0002\000.\0008\000\040\000A\000n\000a\000l\000i\000s\000i\000s\000\040\000P\000e\000l\000a\000k\000s\000a\000n\000a\000a\000n\000\040\000K\000e\000r\000j\000a\000\040\000P\000r\000a\000k\000t\000i\000k}{chapter.2}% 27
\BOOKMARK [2][-]{subsection.2.8.1}{\376\377\0002\000.\0008\000.\0001\000\040\000U\000l\000a\000s\000a\000n\000\040\000K\000e\000s\000e\000s\000u\000a\000i\000a\000n\000\040\000d\000a\000n\000\040\000P\000e\000r\000b\000e\000d\000a\000a\000n\000\040\000d\000e\000n\000g\000a\000n\000\040\000K\000A\000K\000P}{section.2.8}% 28
\BOOKMARK [2][-]{subsection.2.8.2}{\376\377\0002\000.\0008\000.\0002\000\040\000U\000l\000a\000s\000a\000n\000\040\000T\000e\000n\000t\000a\000n\000g\000\040\000K\000e\000n\000d\000a\000l\000a\000\040\000d\000a\000n\000\040\000C\000a\000r\000a\000\040\000M\000e\000n\000a\000n\000g\000a\000n\000i\000n\000y\000a}{section.2.8}% 29
\BOOKMARK [3][-]{subsubsection.2.8.2.1}{\376\377\0002\000.\0008\000.\0002\000.\0001\000\040\000K\000e\000t\000i\000a\000d\000a\000a\000n\000\040\000d\000o\000k\000u\000m\000e\000n\000t\000a\000s\000i\000\040\000A\000P\000I\000\040\000y\000a\000n\000g\000\040\000l\000e\000n\000g\000k\000a\000p}{subsection.2.8.2}% 30
\BOOKMARK [3][-]{subsubsection.2.8.2.2}{\376\377\0002\000.\0008\000.\0002\000.\0002\000\040\000K\000e\000s\000u\000l\000i\000t\000a\000n\000\040\000D\000a\000l\000a\000m\000\040\000M\000e\000m\000a\000h\000a\000m\000i\000\040\000U\000s\000e\000r\000\040\000F\000l\000o\000w\000\040\000d\000a\000r\000i\000\040\000F\000i\000t\000u\000r}{subsection.2.8.2}% 31
\BOOKMARK [2][-]{subsection.2.8.3}{\376\377\0002\000.\0008\000.\0003\000\040\000P\000e\000n\000i\000l\000a\000i\000a\000n\000\040\000I\000n\000d\000i\000v\000i\000d\000u\000\040\000T\000e\000r\000h\000a\000d\000a\000p\000\040\000T\000e\000m\000p\000a\000t\000\040\000K\000P}{section.2.8}% 32
\BOOKMARK [2][-]{subsection.2.8.4}{\376\377\0002\000.\0008\000.\0004\000\040\000R\000e\000l\000e\000v\000a\000n\000s\000i\000\040\000d\000e\000n\000g\000a\000n\000\040\000P\000e\000r\000k\000u\000l\000i\000a\000h\000a\000n\000\040\000d\000i\000\040\000F\000a\000s\000i\000l\000k\000o\000m\000\040\000U\000I}{section.2.8}% 33
\BOOKMARK [0][-]{chapter.3}{\376\377\0003\000\040\000P\000E\000N\000U\000T\000U\000P}{}% 34
\BOOKMARK [1][-]{section.3.1}{\376\377\0003\000.\0001\000\040\000K\000e\000s\000i\000m\000p\000u\000l\000a\000n}{chapter.3}% 35
\BOOKMARK [1][-]{section.3.2}{\376\377\0003\000.\0002\000\040\000S\000a\000r\000a\000n}{chapter.3}% 36
\BOOKMARK [2][-]{subsection.3.2.1}{\376\377\0003\000.\0002\000.\0001\000\040\000U\000n\000t\000u\000k\000\040\000T\000e\000m\000p\000a\000t\000\040\000K\000e\000r\000j\000a\000\040\000P\000r\000a\000k\000t\000i\000k}{section.3.2}% 37
\BOOKMARK [2][-]{subsection.3.2.2}{\376\377\0003\000.\0002\000.\0002\000\040\000U\000n\000t\000u\000k\000\040\000P\000e\000l\000a\000k\000s\000a\000n\000a\000\040\000K\000e\000r\000j\000a\000\040\000P\000r\000a\000k\000t\000i\000k\000\040\000B\000e\000r\000i\000k\000u\000t\000n\000y\000a}{section.3.2}% 38
\BOOKMARK [2][-]{subsection.3.2.3}{\376\377\0003\000.\0002\000.\0003\000\040\000U\000n\000t\000u\000k\000\040\000F\000a\000s\000i\000l\000k\000o\000m\000\040\000U\000I}{section.3.2}% 39
\BOOKMARK [0][-]{section*.16}{\376\377\000D\000a\000f\000t\000a\000r\000\040\000R\000e\000f\000e\000r\000e\000n\000s\000i}{}% 40
